// Jest Snapshot v1, https://goo.gl/fbAQLP

exports[`App Component should take a snapshot 1`] = `
<DocumentFragment>
  <header
    class="header"
  >
    <h1>
      Category Tree View
    </h1>
  </header>
  <main>
    <div
      class="centered"
    >
      Loading...
    </div>
  </main>
</DocumentFragment>
`;
